../Core/Src/main.c:79:6:Ultrasonic_distance	8	static
../Core/Src/main.c:90:6:HAL_TIM_IC_CaptureCallback	16	static
../Core/Src/main.c:129:9:Read_RainSensor	8	static
../Core/Src/main.c:135:6:Read_Ultrasonic	8	static
../Core/Src/main.c:142:10:Read_Temperature	16	static
../Core/Src/main.c:166:5:main	16	static
../Core/Src/main.c:229:6:SystemClock_Config	88	static
../Core/Src/main.c:275:13:MX_ADC2_Init	24	static
../Core/Src/main.c:327:13:MX_CAN1_Init	48	static
../Core/Src/main.c:377:13:MX_TIM4_Init	48	static
../Core/Src/main.c:435:13:MX_GPIO_Init	48	static
../Core/Src/main.c:476:6:Error_Handler	4	static,ignoring_inline_asm
