../Core/Src/main.c:83:6:HAL_CAN_RxFifo0MsgPendingCallback	16	static
../Core/Src/main.c:107:6:MotorStart	8	static
../Core/Src/main.c:113:6:MotorStop	8	static
../Core/Src/main.c:125:5:main	88	static
../Core/Src/main.c:203:6:SystemClock_Config	88	static
../Core/Src/main.c:249:13:MX_CAN1_Init	48	static
../Core/Src/main.c:299:13:MX_I2C1_Init	8	static
../Core/Src/main.c:333:13:MX_TIM1_Init	80	static
../Core/Src/main.c:398:13:MX_USART2_UART_Init	8	static
../Core/Src/main.c:431:13:MX_GPIO_Init	48	static
../Core/Src/main.c:476:6:Error_Handler	4	static,ignoring_inline_asm
